INFO:root:this is my line of execution
ERROR:root:this is my error
CRITICAL:root:this is my critical
WARNING:root:this is my warning
ERROR:Comm:No such comm target registered: jupyter.widget.control
WARNING:Comm:No such comm: a68846e2-defe-4e2b-8b23-62a2f5d14bda
INFO:root:this is my info log
WARNING:root:this is my debug log
